// Jest Snapshot v1, https://goo.gl/fbAQLP

exports[`Button should render 1`] = `
<body>
  <div>
    <button
      class="button add"
    >
      Test
    </button>
  </div>
</body>
`;
