// Jest Snapshot v1, https://goo.gl/fbAQLP

exports[`Input should render 1`] = `
<body>
  <div>
    <input
      type="text"
      value=""
    />
  </div>
</body>
`;
